============================= test session starts =============================
platform win32 -- Python 3.11.15, pytest-9.1.1, pluggy-1.6.0
rootdir: D:\PyProject\ReportAgent\backend
configfile: pytest.ini
plugins: anyio-4.13.0, langsmith-0.8.1, asyncio-1.4.0, cov-7.1.0
asyncio: mode=Mode.AUTO, debug=False, asyncio_default_fixture_loop_scope=session, asyncio_default_test_loop_scope=function
collected 1 item

tests\e2e\test_full_flow.py 
=== E2E session_id = e2e-c539e115 ===
[2] sessions count = 51

[3] POST /chat mode=new (session e2e-c539e115)
  events: ['phase', 'phase', 'requirement', 'done']
  card.status=missing, missing_fields=3

[4] PATCH /requirement (fill all)
  PATCH status=complete missing=0 time_range=2024年 scope=['ALL'] target_metrics=['销售额']

[5] POST /confirm (SSE)
  events: ['phase', 'report', 'done']
  report event present: True

[6/7] GET /sessions/{sid}
  phase=report_ready, report_versions=1
  v1 = {'version': 1, 'title': '报告', 'status': 'done', 'created_at': '2026-08-05T15:03:29.281381', 'favorite': False}

[8] GET /reports/1
  payload.answer.chart = {"type": "table", "config": {"data": [{"销售额": 3502666.04}]}}
  payload.answer.table = {"rows": [{"销售额": 3502666.04}], "columns": [{"key": "销售额", "title": "销售额"}]}
  ✓ snapshot sql: SELECT sum(fact_sales.total_amount) AS 销售额
FROM fact_sales
JOIN dim_date ON fact_sales.date_id = dim_date.date_id
WHERE 
  ✓ snapshot rows: 1
  ✓ answer.table rows: 1

[9] Template CRUD
  POST → template id=142 name=e2e-tpl-c2309d
  GET → list contains 142
  DELETE → 200
  DELETE missing → 404 ✓

[10] user isolation: only admin seeded, skipping cross-user check

=== E2E PASSED ===
.

======================== 1 passed in 62.12s (0:01:02) =========================
